<?xml version="1.0" encoding="utf-8"?>
<TestRun id="e8042ccf-6509-449b-b969-e81593efc44b" name="prarya@LAPTOP-QEVGJT86 2026-05-13 01:04:00" runUser="NORTHAMERICA\prarya" xmlns="http://microsoft.com/schemas/VisualStudio/TeamTest/2010">
  <Times creation="2026-05-13T01:04:00.1313786-06:00" queuing="2026-05-13T01:04:00.1313801-06:00" start="2026-05-13T01:03:57.5543318-06:00" finish="2026-05-13T01:04:00.2825155-06:00" />
  <TestSettings name="default" id="63034b77-122c-49e2-ac95-ae9bb6422b33">
    <Deployment runDeploymentRoot="prarya_LAPTOP-QEVGJT86_2026-05-13_01_04_00" />
  </TestSettings>
  <Results>
    <UnitTestResult executionId="d583b5f0-36e0-4fd8-957b-3bec8e4623fb" testId="b946ecac-0a69-b23a-a9a8-d7e68cd37807" testName="AgentX.VisualStudio.Tests.AgentXCliJsonTests.TryParseAgentState_NullOrWhitespace_ReturnsFalseWithEmptyList(input: &quot;&quot;)" computerName="LAPTOP-QEVGJT86" duration="00:00:00.0029149" startTime="2026-05-13T01:03:59.8375150-06:00" endTime="2026-05-13T01:03:59.8375158-06:00" testType="13cdc9d9-ddb5-4fa4-a97d-d965ccfc6d4b" outcome="Passed" testListId="8c84fa94-04c1-424b-9868-57a2d4851a1d" relativeResultsDirectory="d583b5f0-36e0-4fd8-957b-3bec8e4623fb" />
    <UnitTestResult executionId="050ef652-fe34-4b99-a57a-c5b8c00d9d2a" testId="1780d05a-bf24-4a7c-077b-fe2425b4b19f" testName="AgentX.VisualStudio.Tests.AgentXCliJsonTests.FormatReadyIssues_MalformedJson_FallsBackToTrimmedRaw" computerName="LAPTOP-QEVGJT86" duration="00:00:00.0049123" startTime="2026-05-13T01:03:59.9944495-06:00" endTime="2026-05-13T01:03:59.9944498-06:00" testType="13cdc9d9-ddb5-4fa4-a97d-d965ccfc6d4b" outcome="Passed" testListId="8c84fa94-04c1-424b-9868-57a2d4851a1d" relativeResultsDirectory="050ef652-fe34-4b99-a57a-c5b8c00d9d2a" />
    <UnitTestResult executionId="a9121248-1390-40f0-b6c3-9ac70a1fbc89" testId="d50fa677-b2d9-8945-529d-54d1abcce5b0" testName="AgentX.VisualStudio.Tests.AgentXCliJsonTests.TryParseReadyIssues_EmptyArray_ReturnsTrueWithEmptyList" computerName="LAPTOP-QEVGJT86" duration="00:00:00.0029170" startTime="2026-05-13T01:04:00.0277737-06:00" endTime="2026-05-13T01:04:00.0277737-06:00" testType="13cdc9d9-ddb5-4fa4-a97d-d965ccfc6d4b" outcome="Passed" testListId="8c84fa94-04c1-424b-9868-57a2d4851a1d" relativeResultsDirectory="a9121248-1390-40f0-b6c3-9ac70a1fbc89" />
    <UnitTestResult executionId="0b877933-8266-401c-9c46-a264139b1458" testId="b9d7ee24-92c9-adfb-bd4e-79fefad89ff8" testName="AgentX.VisualStudio.Tests.AgentXCliJsonTests.FormatLoopStatus_InactiveLiteral_RendersInactiveState" computerName="LAPTOP-QEVGJT86" duration="00:00:00.0052489" startTime="2026-05-13T01:04:00.0277083-06:00" endTime="2026-05-13T01:04:00.0277084-06:00" testType="13cdc9d9-ddb5-4fa4-a97d-d965ccfc6d4b" outcome="Passed" testListId="8c84fa94-04c1-424b-9868-57a2d4851a1d" relativeResultsDirectory="0b877933-8266-401c-9c46-a264139b1458" />
    <UnitTestResult executionId="b0e5fc71-c511-4138-b168-2ff663f306ca" testId="7e8120c8-4f53-8faa-bad0-944f11befc1d" testName="AgentX.VisualStudio.Tests.AgentXCliJsonTests.TryParseAgentState_EmptyDictionary_ReturnsTrueWithEmptyList" computerName="LAPTOP-QEVGJT86" duration="00:00:00.0098156" startTime="2026-05-13T01:03:59.9952425-06:00" endTime="2026-05-13T01:03:59.9952426-06:00" testType="13cdc9d9-ddb5-4fa4-a97d-d965ccfc6d4b" outcome="Passed" testListId="8c84fa94-04c1-424b-9868-57a2d4851a1d" relativeResultsDirectory="b0e5fc71-c511-4138-b168-2ff663f306ca" />
    <UnitTestResult executionId="a50cad30-0536-43dc-9328-5595064f8077" testId="e8c1384f-bafc-9368-1ec7-018c7577a1c7" testName="AgentX.VisualStudio.Tests.AgentXCliJsonTests.FormatAgentState_NullOrWhitespace_ReturnsEmptyMarker(input: &quot;&quot;)" computerName="LAPTOP-QEVGJT86" duration="00:00:00.0003298" startTime="2026-05-13T01:03:59.9951113-06:00" endTime="2026-05-13T01:03:59.9951114-06:00" testType="13cdc9d9-ddb5-4fa4-a97d-d965ccfc6d4b" outcome="Passed" testListId="8c84fa94-04c1-424b-9868-57a2d4851a1d" relativeResultsDirectory="a50cad30-0536-43dc-9328-5595064f8077" />
    <UnitTestResult executionId="6905c869-e4b2-402c-80ff-6db8b32be7cc" testId="579ebb21-056f-f802-f940-646b3074d66a" testName="AgentX.VisualStudio.Tests.AgentXCliJsonTests.FormatAgentState_AgentWithoutIssue_OmitsIssueMarker" computerName="LAPTOP-QEVGJT86" duration="00:00:00.0031384" startTime="2026-05-13T01:04:00.0291688-06:00" endTime="2026-05-13T01:04:00.0291689-06:00" testType="13cdc9d9-ddb5-4fa4-a97d-d965ccfc6d4b" outcome="Passed" testListId="8c84fa94-04c1-424b-9868-57a2d4851a1d" relativeResultsDirectory="6905c869-e4b2-402c-80ff-6db8b32be7cc" />
    <UnitTestResult executionId="55e3adff-cc92-40a2-ace2-652049ee6953" testId="2bf81208-0801-6d36-95aa-313cbf837f1e" testName="AgentX.VisualStudio.Tests.AgentXCliJsonTests.FormatAgentState_NullOrWhitespace_ReturnsEmptyMarker(input: null)" computerName="LAPTOP-QEVGJT86" duration="00:00:00.0011455" startTime="2026-05-13T01:03:59.9950425-06:00" endTime="2026-05-13T01:03:59.9950427-06:00" testType="13cdc9d9-ddb5-4fa4-a97d-d965ccfc6d4b" outcome="Passed" testListId="8c84fa94-04c1-424b-9868-57a2d4851a1d" relativeResultsDirectory="55e3adff-cc92-40a2-ace2-652049ee6953" />
    <UnitTestResult executionId="c4ec679a-c089-477c-a672-fc4242d52def" testId="7b68b69b-c174-13f9-5417-7f13d33e28d9" testName="AgentX.VisualStudio.Tests.AgentXCliJsonTests.FormatLoopStatus_ActiveLoop_RendersStateIterationAndHistory" computerName="LAPTOP-QEVGJT86" duration="00:00:00.0911535" startTime="2026-05-13T01:03:59.8108882-06:00" endTime="2026-05-13T01:03:59.8108889-06:00" testType="13cdc9d9-ddb5-4fa4-a97d-d965ccfc6d4b" outcome="Passed" testListId="8c84fa94-04c1-424b-9868-57a2d4851a1d" relativeResultsDirectory="c4ec679a-c089-477c-a672-fc4242d52def" />
    <UnitTestResult executionId="8a71639e-1a34-4910-8800-930c438da242" testId="c8a772f9-d1f3-8044-76ab-8067ba9394b8" testName="AgentX.VisualStudio.Tests.AgentXCliJsonTests.TryParseAgentState_FormatsLastActivityToLocalTime" computerName="LAPTOP-QEVGJT86" duration="00:00:00.0087870" startTime="2026-05-13T01:04:00.0261499-06:00" endTime="2026-05-13T01:04:00.0261500-06:00" testType="13cdc9d9-ddb5-4fa4-a97d-d965ccfc6d4b" outcome="Passed" testListId="8c84fa94-04c1-424b-9868-57a2d4851a1d" relativeResultsDirectory="8a71639e-1a34-4910-8800-930c438da242" />
    <UnitTestResult executionId="b76b0c8e-23bb-4e93-8c2d-0a22cb5afc43" testId="7e5fb009-6535-d61f-20d8-4e51a83ba7e9" testName="AgentX.VisualStudio.Tests.AgentXCliJsonTests.FormatReadyIssues_NullOrWhitespace_ReturnsEmptyMarker(input: &quot;   &quot;)" computerName="LAPTOP-QEVGJT86" duration="00:00:00.0006374" startTime="2026-05-13T01:04:00.0257410-06:00" endTime="2026-05-13T01:04:00.0257411-06:00" testType="13cdc9d9-ddb5-4fa4-a97d-d965ccfc6d4b" outcome="Passed" testListId="8c84fa94-04c1-424b-9868-57a2d4851a1d" relativeResultsDirectory="b76b0c8e-23bb-4e93-8c2d-0a22cb5afc43" />
    <UnitTestResult executionId="9b326d50-40da-48f6-81ec-f87768f018f8" testId="c4e2834f-9de4-77a9-e2e3-8bda01febb7a" testName="AgentX.VisualStudio.Tests.AgentXCliJsonTests.TryParseLoopStatus_NullOrWhitespace_ReturnsFalseWithNull(input: &quot;&quot;)" computerName="LAPTOP-QEVGJT86" duration="00:00:00.0003674" startTime="2026-05-13T01:03:59.7240046-06:00" endTime="2026-05-13T01:03:59.7240047-06:00" testType="13cdc9d9-ddb5-4fa4-a97d-d965ccfc6d4b" outcome="Passed" testListId="8c84fa94-04c1-424b-9868-57a2d4851a1d" relativeResultsDirectory="9b326d50-40da-48f6-81ec-f87768f018f8" />
    <UnitTestResult executionId="e56cbe89-63fc-4324-a235-08c940eff5e0" testId="54a6191f-0245-e01c-6ed1-3fe7ca43d218" testName="AgentX.VisualStudio.Tests.AgentXCliJsonTests.TryParseAgentState_NullOrWhitespace_ReturnsFalseWithEmptyList(input: null)" computerName="LAPTOP-QEVGJT86" duration="00:00:00.0003553" startTime="2026-05-13T01:03:59.8379764-06:00" endTime="2026-05-13T01:03:59.8379769-06:00" testType="13cdc9d9-ddb5-4fa4-a97d-d965ccfc6d4b" outcome="Passed" testListId="8c84fa94-04c1-424b-9868-57a2d4851a1d" relativeResultsDirectory="e56cbe89-63fc-4324-a235-08c940eff5e0" />
    <UnitTestResult executionId="adab8563-0598-468f-bfe9-d9d47e9d1f51" testId="de2ba7a2-4b60-de15-d7b5-8b4a8d5bd8e0" testName="AgentX.VisualStudio.Tests.AgentXCliJsonTests.TryParseLoopStatus_HappyPath_ReturnsDtoWithIterationAndHistory" computerName="LAPTOP-QEVGJT86" duration="00:00:00.0142678" startTime="2026-05-13T01:03:59.8343709-06:00" endTime="2026-05-13T01:03:59.8343716-06:00" testType="13cdc9d9-ddb5-4fa4-a97d-d965ccfc6d4b" outcome="Passed" testListId="8c84fa94-04c1-424b-9868-57a2d4851a1d" relativeResultsDirectory="adab8563-0598-468f-bfe9-d9d47e9d1f51" />
    <UnitTestResult executionId="aa0c3f7f-7a29-4a9e-acb6-b7bb513b9c09" testId="19ad9e39-b235-0e5d-e549-2f840d0f7e95" testName="AgentX.VisualStudio.Tests.AgentXCliJsonTests.FormatLoopStatus_LongPrompt_IsTruncatedWithEllipsis" computerName="LAPTOP-QEVGJT86" duration="00:00:00.0017246" startTime="2026-05-13T01:04:00.0259461-06:00" endTime="2026-05-13T01:04:00.0259462-06:00" testType="13cdc9d9-ddb5-4fa4-a97d-d965ccfc6d4b" outcome="Passed" testListId="8c84fa94-04c1-424b-9868-57a2d4851a1d" relativeResultsDirectory="aa0c3f7f-7a29-4a9e-acb6-b7bb513b9c09" />
    <UnitTestResult executionId="9b906492-b6d2-4c59-9708-f7b29ec08e10" testId="19709870-9421-4243-3fdc-c28866245932" testName="AgentX.VisualStudio.Tests.AgentXCliJsonTests.TryParseReadyIssues_HappyPath_ReturnsAllIssuesInOrder" computerName="LAPTOP-QEVGJT86" duration="00:00:00.0121015" startTime="2026-05-13T01:04:00.0278429-06:00" endTime="2026-05-13T01:04:00.0278430-06:00" testType="13cdc9d9-ddb5-4fa4-a97d-d965ccfc6d4b" outcome="Passed" testListId="8c84fa94-04c1-424b-9868-57a2d4851a1d" relativeResultsDirectory="9b906492-b6d2-4c59-9708-f7b29ec08e10" />
    <UnitTestResult executionId="9bc448a5-860f-440a-b09c-f8db862f4f7a" testId="400126e9-44cc-5baf-5a2c-692fcdf04416" testName="AgentX.VisualStudio.Tests.AgentXCliJsonTests.FormatAgentState_MultipleAgents_RendersOrderedRows" computerName="LAPTOP-QEVGJT86" duration="00:00:00.0202787" startTime="2026-05-13T01:03:59.9953031-06:00" endTime="2026-05-13T01:03:59.9953031-06:00" testType="13cdc9d9-ddb5-4fa4-a97d-d965ccfc6d4b" outcome="Passed" testListId="8c84fa94-04c1-424b-9868-57a2d4851a1d" relativeResultsDirectory="9bc448a5-860f-440a-b09c-f8db862f4f7a" />
    <UnitTestResult executionId="d9720d2f-8646-4cb4-adfd-e0fb92b8b574" testId="74832157-ab9e-f780-e243-a87231292aaa" testName="AgentX.VisualStudio.Tests.AgentXCliJsonTests.FormatAgentState_MalformedJson_FallsBackToTrimmedRaw" computerName="LAPTOP-QEVGJT86" duration="00:00:00.0004358" startTime="2026-05-13T01:04:00.0280590-06:00" endTime="2026-05-13T01:04:00.0280591-06:00" testType="13cdc9d9-ddb5-4fa4-a97d-d965ccfc6d4b" outcome="Passed" testListId="8c84fa94-04c1-424b-9868-57a2d4851a1d" relativeResultsDirectory="d9720d2f-8646-4cb4-adfd-e0fb92b8b574" />
    <UnitTestResult executionId="52c6e222-3686-4914-84b4-915a4a9c2117" testId="570a2675-8765-6e34-59ca-23c05852248c" testName="AgentX.VisualStudio.Tests.AgentXCliJsonTests.TryParseLoopStatus_NullOrWhitespace_ReturnsFalseWithNull(input: &quot;   &quot;)" computerName="LAPTOP-QEVGJT86" duration="00:00:00.0000128" startTime="2026-05-13T01:03:59.7244811-06:00" endTime="2026-05-13T01:03:59.7244811-06:00" testType="13cdc9d9-ddb5-4fa4-a97d-d965ccfc6d4b" outcome="Passed" testListId="8c84fa94-04c1-424b-9868-57a2d4851a1d" relativeResultsDirectory="52c6e222-3686-4914-84b4-915a4a9c2117" />
    <UnitTestResult executionId="de7ecac0-2dea-4238-b38d-8045bd1845c4" testId="7cd4b296-5e8c-6c26-3168-25338d6f04b1" testName="AgentX.VisualStudio.Tests.AgentXCliJsonTests.FormatReadyIssues_EmptyArray_ReturnsEmptyMarker" computerName="LAPTOP-QEVGJT86" duration="00:00:00.0087864" startTime="2026-05-13T01:03:59.8198987-06:00" endTime="2026-05-13T01:03:59.8198995-06:00" testType="13cdc9d9-ddb5-4fa4-a97d-d965ccfc6d4b" outcome="Passed" testListId="8c84fa94-04c1-424b-9868-57a2d4851a1d" relativeResultsDirectory="de7ecac0-2dea-4238-b38d-8045bd1845c4" />
    <UnitTestResult executionId="31bda55b-7c6d-46e1-81d8-125fae0e5de5" testId="aebe5989-93ef-18a2-2456-fc33d9d79127" testName="AgentX.VisualStudio.Tests.AgentXCliJsonTests.FormatLoopStatus_NullOrWhitespace_ReturnsEmptyMarker(input: &quot;   &quot;)" computerName="LAPTOP-QEVGJT86" duration="00:00:00.0000705" startTime="2026-05-13T01:03:59.9954668-06:00" endTime="2026-05-13T01:03:59.9954669-06:00" testType="13cdc9d9-ddb5-4fa4-a97d-d965ccfc6d4b" outcome="Passed" testListId="8c84fa94-04c1-424b-9868-57a2d4851a1d" relativeResultsDirectory="31bda55b-7c6d-46e1-81d8-125fae0e5de5" />
    <UnitTestResult executionId="031269ad-a034-4a0a-900f-d793dfb76ebf" testId="3e26b6aa-f321-c899-c5e9-19393865d35d" testName="AgentX.VisualStudio.Tests.AgentXCliJsonTests.TryParseReadyIssues_MalformedJson_ReturnsFalseWithEmptyList" computerName="LAPTOP-QEVGJT86" duration="00:00:00.0008545" startTime="2026-05-13T01:04:00.0276409-06:00" endTime="2026-05-13T01:04:00.0276409-06:00" testType="13cdc9d9-ddb5-4fa4-a97d-d965ccfc6d4b" outcome="Passed" testListId="8c84fa94-04c1-424b-9868-57a2d4851a1d" relativeResultsDirectory="031269ad-a034-4a0a-900f-d793dfb76ebf" />
    <UnitTestResult executionId="2171e546-eb39-4c91-91d1-4b3f91d7df68" testId="94e2b1ec-e777-0aea-53d1-938831b6d899" testName="AgentX.VisualStudio.Tests.AgentXCliJsonTests.FormatAgentState_EmptyDictionary_ReturnsEmptyMarker" computerName="LAPTOP-QEVGJT86" duration="00:00:00.0029267" startTime="2026-05-13T01:04:00.0262188-06:00" endTime="2026-05-13T01:04:00.0262189-06:00" testType="13cdc9d9-ddb5-4fa4-a97d-d965ccfc6d4b" outcome="Passed" testListId="8c84fa94-04c1-424b-9868-57a2d4851a1d" relativeResultsDirectory="2171e546-eb39-4c91-91d1-4b3f91d7df68" />
    <UnitTestResult executionId="81f4536f-183a-4545-b0c4-549421cebeee" testId="da6403a6-d89c-0cc5-1088-26028fc38354" testName="AgentX.VisualStudio.Tests.AgentXCliJsonTests.TryParseLoopStatus_NullOrWhitespace_ReturnsFalseWithNull(input: null)" computerName="LAPTOP-QEVGJT86" duration="00:00:00.0382949" startTime="2026-05-13T01:03:59.7196425-06:00" endTime="2026-05-13T01:03:59.7197384-06:00" testType="13cdc9d9-ddb5-4fa4-a97d-d965ccfc6d4b" outcome="Passed" testListId="8c84fa94-04c1-424b-9868-57a2d4851a1d" relativeResultsDirectory="81f4536f-183a-4545-b0c4-549421cebeee" />
    <UnitTestResult executionId="c4d6e906-fde9-4e62-a262-c7792101aff7" testId="46d2262f-52f3-a3e9-ec39-8be43eec1751" testName="AgentX.VisualStudio.Tests.AgentXCliJsonTests.FormatReadyIssues_WithIssues_RendersCountAndPerIssueLines" computerName="LAPTOP-QEVGJT86" duration="00:00:00.0092205" startTime="2026-05-13T01:04:00.0260183-06:00" endTime="2026-05-13T01:04:00.0260183-06:00" testType="13cdc9d9-ddb5-4fa4-a97d-d965ccfc6d4b" outcome="Passed" testListId="8c84fa94-04c1-424b-9868-57a2d4851a1d" relativeResultsDirectory="c4d6e906-fde9-4e62-a262-c7792101aff7" />
    <UnitTestResult executionId="776dee3a-2bd7-4d20-bd70-9d3d1502e070" testId="e0846b8b-80b7-4faa-1248-5267ee81a2e5" testName="AgentX.VisualStudio.Tests.AgentXCliJsonTests.FormatLoopStatus_MalformedJson_FallsBackToTrimmedRaw" computerName="LAPTOP-QEVGJT86" duration="00:00:00.0005593" startTime="2026-05-13T01:04:00.0274728-06:00" endTime="2026-05-13T01:04:00.0274729-06:00" testType="13cdc9d9-ddb5-4fa4-a97d-d965ccfc6d4b" outcome="Passed" testListId="8c84fa94-04c1-424b-9868-57a2d4851a1d" relativeResultsDirectory="776dee3a-2bd7-4d20-bd70-9d3d1502e070" />
    <UnitTestResult executionId="f26662ba-9220-46f9-bdb3-92a1ee353a5b" testId="169364bf-8797-dcb4-e321-350453f0d269" testName="AgentX.VisualStudio.Tests.AgentXCliJsonTests.FormatAgentState_NullOrWhitespace_ReturnsEmptyMarker(input: &quot;   &quot;)" computerName="LAPTOP-QEVGJT86" duration="00:00:00.0000283" startTime="2026-05-13T01:03:59.9951607-06:00" endTime="2026-05-13T01:03:59.9951607-06:00" testType="13cdc9d9-ddb5-4fa4-a97d-d965ccfc6d4b" outcome="Passed" testListId="8c84fa94-04c1-424b-9868-57a2d4851a1d" relativeResultsDirectory="f26662ba-9220-46f9-bdb3-92a1ee353a5b" />
    <UnitTestResult executionId="8adf4ccf-1ffb-4855-8a18-daece4b6f14f" testId="242b1bf0-acc6-2709-7d36-243447e27745" testName="AgentX.VisualStudio.Tests.AgentXCliJsonTests.TryParseAgentState_NullOrWhitespace_ReturnsFalseWithEmptyList(input: &quot;   &quot;)" computerName="LAPTOP-QEVGJT86" duration="00:00:00.0000191" startTime="2026-05-13T01:03:59.8380468-06:00" endTime="2026-05-13T01:03:59.8380468-06:00" testType="13cdc9d9-ddb5-4fa4-a97d-d965ccfc6d4b" outcome="Passed" testListId="8c84fa94-04c1-424b-9868-57a2d4851a1d" relativeResultsDirectory="8adf4ccf-1ffb-4855-8a18-daece4b6f14f" />
    <UnitTestResult executionId="3eb526f3-fa83-4d8a-afd9-e8be61cdba79" testId="adedcf27-38f0-552e-e56d-660707046d3e" testName="AgentX.VisualStudio.Tests.AgentXCliJsonTests.FormatLoopStatus_NullOrWhitespace_ReturnsEmptyMarker(input: &quot;&quot;)" computerName="LAPTOP-QEVGJT86" duration="00:00:00.0000335" startTime="2026-05-13T01:04:00.0256323-06:00" endTime="2026-05-13T01:04:00.0256325-06:00" testType="13cdc9d9-ddb5-4fa4-a97d-d965ccfc6d4b" outcome="Passed" testListId="8c84fa94-04c1-424b-9868-57a2d4851a1d" relativeResultsDirectory="3eb526f3-fa83-4d8a-afd9-e8be61cdba79" />
    <UnitTestResult executionId="4420e235-16c6-4311-a64b-745f358dbb82" testId="d47ea9ac-cfd8-16a8-6ff8-c450f04f6640" testName="AgentX.VisualStudio.Tests.AgentXCliJsonTests.FormatReadyIssues_NullOrWhitespace_ReturnsEmptyMarker(input: &quot;&quot;)" computerName="LAPTOP-QEVGJT86" duration="00:00:00.0009294" startTime="2026-05-13T01:04:00.0258043-06:00" endTime="2026-05-13T01:04:00.0258044-06:00" testType="13cdc9d9-ddb5-4fa4-a97d-d965ccfc6d4b" outcome="Passed" testListId="8c84fa94-04c1-424b-9868-57a2d4851a1d" relativeResultsDirectory="4420e235-16c6-4311-a64b-745f358dbb82" />
    <UnitTestResult executionId="53b93bf3-b97d-4d52-9d61-d008f792b45b" testId="5caa3b2c-6fd8-bf00-fa0c-b4a5e486e7d1" testName="AgentX.VisualStudio.Tests.AgentXCliJsonTests.FormatLoopStatus_NullOrWhitespace_ReturnsEmptyMarker(input: &quot;\n\t  \r&quot;)" computerName="LAPTOP-QEVGJT86" duration="00:00:00.0008717" startTime="2026-05-13T01:03:59.9953775-06:00" endTime="2026-05-13T01:03:59.9953775-06:00" testType="13cdc9d9-ddb5-4fa4-a97d-d965ccfc6d4b" outcome="Passed" testListId="8c84fa94-04c1-424b-9868-57a2d4851a1d" relativeResultsDirectory="53b93bf3-b97d-4d52-9d61-d008f792b45b" />
    <UnitTestResult executionId="d3f261df-0fb4-4d7b-a103-48fe1036c08e" testId="36ced95d-304e-c6a8-a26c-3c2c7b840434" testName="AgentX.VisualStudio.Tests.AgentXCliJsonTests.TryParseLoopStatus_MalformedJson_ReturnsFalseWithNull" computerName="LAPTOP-QEVGJT86" duration="00:00:00.0009098" startTime="2026-05-13T01:04:00.0279834-06:00" endTime="2026-05-13T01:04:00.0279835-06:00" testType="13cdc9d9-ddb5-4fa4-a97d-d965ccfc6d4b" outcome="Passed" testListId="8c84fa94-04c1-424b-9868-57a2d4851a1d" relativeResultsDirectory="d3f261df-0fb4-4d7b-a103-48fe1036c08e" />
    <UnitTestResult executionId="a54caabf-2c6e-4988-a39a-f4eca697eb3b" testId="3f67b261-5027-58c9-3f6d-70a6343b6218" testName="AgentX.VisualStudio.Tests.AgentXCliJsonTests.FormatLoopStatus_NullOrWhitespace_ReturnsEmptyMarker(input: null)" computerName="LAPTOP-QEVGJT86" duration="00:00:00.0028398" startTime="2026-05-13T01:03:59.9954202-06:00" endTime="2026-05-13T01:03:59.9954202-06:00" testType="13cdc9d9-ddb5-4fa4-a97d-d965ccfc6d4b" outcome="Passed" testListId="8c84fa94-04c1-424b-9868-57a2d4851a1d" relativeResultsDirectory="a54caabf-2c6e-4988-a39a-f4eca697eb3b" />
    <UnitTestResult executionId="60292fa9-acfc-412f-b5c6-69684317d914" testId="583938f4-f8bb-1b6a-240e-80facc20719b" testName="AgentX.VisualStudio.Tests.AgentXCliJsonTests.TryParseAgentState_HappyPath_OrdersAgentsAlphabetically" computerName="LAPTOP-QEVGJT86" duration="00:00:00.0147507" startTime="2026-05-13T01:04:00.0279117-06:00" endTime="2026-05-13T01:04:00.0279118-06:00" testType="13cdc9d9-ddb5-4fa4-a97d-d965ccfc6d4b" outcome="Passed" testListId="8c84fa94-04c1-424b-9868-57a2d4851a1d" relativeResultsDirectory="60292fa9-acfc-412f-b5c6-69684317d914" />
    <UnitTestResult executionId="179884ee-f871-47d2-937e-9e45adbc95e2" testId="89d465fa-9900-8eda-7ac6-7f8a60afec6c" testName="AgentX.VisualStudio.Tests.AgentXCliJsonTests.TryParseAgentState_MalformedJson_ReturnsFalseWithEmptyList" computerName="LAPTOP-QEVGJT86" duration="00:00:00.0004125" startTime="2026-05-13T01:04:00.0275698-06:00" endTime="2026-05-13T01:04:00.0275699-06:00" testType="13cdc9d9-ddb5-4fa4-a97d-d965ccfc6d4b" outcome="Passed" testListId="8c84fa94-04c1-424b-9868-57a2d4851a1d" relativeResultsDirectory="179884ee-f871-47d2-937e-9e45adbc95e2" />
    <UnitTestResult executionId="409f877f-8c93-441b-a8cf-86a6345a07b4" testId="acb4c9e3-1b89-0fb7-bb2f-1ea4d23e6c1e" testName="AgentX.VisualStudio.Tests.AgentXCliJsonTests.FormatReadyIssues_NullOrWhitespace_ReturnsEmptyMarker(input: null)" computerName="LAPTOP-QEVGJT86" duration="00:00:00.0000394" startTime="2026-05-13T01:04:00.0258762-06:00" endTime="2026-05-13T01:04:00.0258763-06:00" testType="13cdc9d9-ddb5-4fa4-a97d-d965ccfc6d4b" outcome="Passed" testListId="8c84fa94-04c1-424b-9868-57a2d4851a1d" relativeResultsDirectory="409f877f-8c93-441b-a8cf-86a6345a07b4" />
    <UnitTestResult executionId="95f31415-8523-456e-8ccc-a80a85fba84a" testId="62c66163-4925-43ca-b079-386c4fd5c9be" testName="AgentX.VisualStudio.Tests.AgentXCliJsonTests.FormatReadyIssues_LongTitle_IsTruncated" computerName="LAPTOP-QEVGJT86" duration="00:00:00.0004543" startTime="2026-05-13T01:04:00.0260824-06:00" endTime="2026-05-13T01:04:00.0260825-06:00" testType="13cdc9d9-ddb5-4fa4-a97d-d965ccfc6d4b" outcome="Passed" testListId="8c84fa94-04c1-424b-9868-57a2d4851a1d" relativeResultsDirectory="95f31415-8523-456e-8ccc-a80a85fba84a" />
  </Results>
  <TestDefinitions>
    <UnitTest name="AgentX.VisualStudio.Tests.AgentXCliJsonTests.FormatLoopStatus_NullOrWhitespace_ReturnsEmptyMarker(input: &quot;\n\t  \r&quot;)" storage="c:\engagements\learnings\agentx\vs-extension\agentx.visualstudio.tests\bin\release\net8.0-windows\agentx.visualstudio.tests.dll" id="5caa3b2c-6fd8-bf00-fa0c-b4a5e486e7d1">
      <Execution id="53b93bf3-b97d-4d52-9d61-d008f792b45b" />
      <TestMethod codeBase="C:\Engagements\Learnings\AgentX\vs-extension\AgentX.VisualStudio.Tests\bin\Release\net8.0-windows\AgentX.VisualStudio.Tests.dll" adapterTypeName="executor://xunit/VsTestRunner2/netcoreapp" className="AgentX.VisualStudio.Tests.AgentXCliJsonTests" name="FormatLoopStatus_NullOrWhitespace_ReturnsEmptyMarker" />
    </UnitTest>
    <UnitTest name="AgentX.VisualStudio.Tests.AgentXCliJsonTests.TryParseReadyIssues_MalformedJson_ReturnsFalseWithEmptyList" storage="c:\engagements\learnings\agentx\vs-extension\agentx.visualstudio.tests\bin\release\net8.0-windows\agentx.visualstudio.tests.dll" id="3e26b6aa-f321-c899-c5e9-19393865d35d">
      <Execution id="031269ad-a034-4a0a-900f-d793dfb76ebf" />
      <TestMethod codeBase="C:\Engagements\Learnings\AgentX\vs-extension\AgentX.VisualStudio.Tests\bin\Release\net8.0-windows\AgentX.VisualStudio.Tests.dll" adapterTypeName="executor://xunit/VsTestRunner2/netcoreapp" className="AgentX.VisualStudio.Tests.AgentXCliJsonTests" name="TryParseReadyIssues_MalformedJson_ReturnsFalseWithEmptyList" />
    </UnitTest>
    <UnitTest name="AgentX.VisualStudio.Tests.AgentXCliJsonTests.TryParseLoopStatus_HappyPath_ReturnsDtoWithIterationAndHistory" storage="c:\engagements\learnings\agentx\vs-extension\agentx.visualstudio.tests\bin\release\net8.0-windows\agentx.visualstudio.tests.dll" id="de2ba7a2-4b60-de15-d7b5-8b4a8d5bd8e0">
      <Execution id="adab8563-0598-468f-bfe9-d9d47e9d1f51" />
      <TestMethod codeBase="C:\Engagements\Learnings\AgentX\vs-extension\AgentX.VisualStudio.Tests\bin\Release\net8.0-windows\AgentX.VisualStudio.Tests.dll" adapterTypeName="executor://xunit/VsTestRunner2/netcoreapp" className="AgentX.VisualStudio.Tests.AgentXCliJsonTests" name="TryParseLoopStatus_HappyPath_ReturnsDtoWithIterationAndHistory" />
    </UnitTest>
    <UnitTest name="AgentX.VisualStudio.Tests.AgentXCliJsonTests.FormatAgentState_EmptyDictionary_ReturnsEmptyMarker" storage="c:\engagements\learnings\agentx\vs-extension\agentx.visualstudio.tests\bin\release\net8.0-windows\agentx.visualstudio.tests.dll" id="94e2b1ec-e777-0aea-53d1-938831b6d899">
      <Execution id="2171e546-eb39-4c91-91d1-4b3f91d7df68" />
      <TestMethod codeBase="C:\Engagements\Learnings\AgentX\vs-extension\AgentX.VisualStudio.Tests\bin\Release\net8.0-windows\AgentX.VisualStudio.Tests.dll" adapterTypeName="executor://xunit/VsTestRunner2/netcoreapp" className="AgentX.VisualStudio.Tests.AgentXCliJsonTests" name="FormatAgentState_EmptyDictionary_ReturnsEmptyMarker" />
    </UnitTest>
    <UnitTest name="AgentX.VisualStudio.Tests.AgentXCliJsonTests.FormatAgentState_MalformedJson_FallsBackToTrimmedRaw" storage="c:\engagements\learnings\agentx\vs-extension\agentx.visualstudio.tests\bin\release\net8.0-windows\agentx.visualstudio.tests.dll" id="74832157-ab9e-f780-e243-a87231292aaa">
      <Execution id="d9720d2f-8646-4cb4-adfd-e0fb92b8b574" />
      <TestMethod codeBase="C:\Engagements\Learnings\AgentX\vs-extension\AgentX.VisualStudio.Tests\bin\Release\net8.0-windows\AgentX.VisualStudio.Tests.dll" adapterTypeName="executor://xunit/VsTestRunner2/netcoreapp" className="AgentX.VisualStudio.Tests.AgentXCliJsonTests" name="FormatAgentState_MalformedJson_FallsBackToTrimmedRaw" />
    </UnitTest>
    <UnitTest name="AgentX.VisualStudio.Tests.AgentXCliJsonTests.TryParseAgentState_NullOrWhitespace_ReturnsFalseWithEmptyList(input: &quot;   &quot;)" storage="c:\engagements\learnings\agentx\vs-extension\agentx.visualstudio.tests\bin\release\net8.0-windows\agentx.visualstudio.tests.dll" id="242b1bf0-acc6-2709-7d36-243447e27745">
      <Execution id="8adf4ccf-1ffb-4855-8a18-daece4b6f14f" />
      <TestMethod codeBase="C:\Engagements\Learnings\AgentX\vs-extension\AgentX.VisualStudio.Tests\bin\Release\net8.0-windows\AgentX.VisualStudio.Tests.dll" adapterTypeName="executor://xunit/VsTestRunner2/netcoreapp" className="AgentX.VisualStudio.Tests.AgentXCliJsonTests" name="TryParseAgentState_NullOrWhitespace_ReturnsFalseWithEmptyList" />
    </UnitTest>
    <UnitTest name="AgentX.VisualStudio.Tests.AgentXCliJsonTests.TryParseAgentState_NullOrWhitespace_ReturnsFalseWithEmptyList(input: &quot;&quot;)" storage="c:\engagements\learnings\agentx\vs-extension\agentx.visualstudio.tests\bin\release\net8.0-windows\agentx.visualstudio.tests.dll" id="b946ecac-0a69-b23a-a9a8-d7e68cd37807">
      <Execution id="d583b5f0-36e0-4fd8-957b-3bec8e4623fb" />
      <TestMethod codeBase="C:\Engagements\Learnings\AgentX\vs-extension\AgentX.VisualStudio.Tests\bin\Release\net8.0-windows\AgentX.VisualStudio.Tests.dll" adapterTypeName="executor://xunit/VsTestRunner2/netcoreapp" className="AgentX.VisualStudio.Tests.AgentXCliJsonTests" name="TryParseAgentState_NullOrWhitespace_ReturnsFalseWithEmptyList" />
    </UnitTest>
    <UnitTest name="AgentX.VisualStudio.Tests.AgentXCliJsonTests.FormatLoopStatus_NullOrWhitespace_ReturnsEmptyMarker(input: &quot;   &quot;)" storage="c:\engagements\learnings\agentx\vs-extension\agentx.visualstudio.tests\bin\release\net8.0-windows\agentx.visualstudio.tests.dll" id="aebe5989-93ef-18a2-2456-fc33d9d79127">
      <Execution id="31bda55b-7c6d-46e1-81d8-125fae0e5de5" />
      <TestMethod codeBase="C:\Engagements\Learnings\AgentX\vs-extension\AgentX.VisualStudio.Tests\bin\Release\net8.0-windows\AgentX.VisualStudio.Tests.dll" adapterTypeName="executor://xunit/VsTestRunner2/netcoreapp" className="AgentX.VisualStudio.Tests.AgentXCliJsonTests" name="FormatLoopStatus_NullOrWhitespace_ReturnsEmptyMarker" />
    </UnitTest>
    <UnitTest name="AgentX.VisualStudio.Tests.AgentXCliJsonTests.TryParseAgentState_EmptyDictionary_ReturnsTrueWithEmptyList" storage="c:\engagements\learnings\agentx\vs-extension\agentx.visualstudio.tests\bin\release\net8.0-windows\agentx.visualstudio.tests.dll" id="7e8120c8-4f53-8faa-bad0-944f11befc1d">
      <Execution id="b0e5fc71-c511-4138-b168-2ff663f306ca" />
      <TestMethod codeBase="C:\Engagements\Learnings\AgentX\vs-extension\AgentX.VisualStudio.Tests\bin\Release\net8.0-windows\AgentX.VisualStudio.Tests.dll" adapterTypeName="executor://xunit/VsTestRunner2/netcoreapp" className="AgentX.VisualStudio.Tests.AgentXCliJsonTests" name="TryParseAgentState_EmptyDictionary_ReturnsTrueWithEmptyList" />
    </UnitTest>
    <UnitTest name="AgentX.VisualStudio.Tests.AgentXCliJsonTests.FormatAgentState_NullOrWhitespace_ReturnsEmptyMarker(input: &quot;   &quot;)" storage="c:\engagements\learnings\agentx\vs-extension\agentx.visualstudio.tests\bin\release\net8.0-windows\agentx.visualstudio.tests.dll" id="169364bf-8797-dcb4-e321-350453f0d269">
      <Execution id="f26662ba-9220-46f9-bdb3-92a1ee353a5b" />
      <TestMethod codeBase="C:\Engagements\Learnings\AgentX\vs-extension\AgentX.VisualStudio.Tests\bin\Release\net8.0-windows\AgentX.VisualStudio.Tests.dll" adapterTypeName="executor://xunit/VsTestRunner2/netcoreapp" className="AgentX.VisualStudio.Tests.AgentXCliJsonTests" name="FormatAgentState_NullOrWhitespace_ReturnsEmptyMarker" />
    </UnitTest>
    <UnitTest name="AgentX.VisualStudio.Tests.AgentXCliJsonTests.TryParseAgentState_FormatsLastActivityToLocalTime" storage="c:\engagements\learnings\agentx\vs-extension\agentx.visualstudio.tests\bin\release\net8.0-windows\agentx.visualstudio.tests.dll" id="c8a772f9-d1f3-8044-76ab-8067ba9394b8">
      <Execution id="8a71639e-1a34-4910-8800-930c438da242" />
      <TestMethod codeBase="C:\Engagements\Learnings\AgentX\vs-extension\AgentX.VisualStudio.Tests\bin\Release\net8.0-windows\AgentX.VisualStudio.Tests.dll" adapterTypeName="executor://xunit/VsTestRunner2/netcoreapp" className="AgentX.VisualStudio.Tests.AgentXCliJsonTests" name="TryParseAgentState_FormatsLastActivityToLocalTime" />
    </UnitTest>
    <UnitTest name="AgentX.VisualStudio.Tests.AgentXCliJsonTests.FormatReadyIssues_EmptyArray_ReturnsEmptyMarker" storage="c:\engagements\learnings\agentx\vs-extension\agentx.visualstudio.tests\bin\release\net8.0-windows\agentx.visualstudio.tests.dll" id="7cd4b296-5e8c-6c26-3168-25338d6f04b1">
      <Execution id="de7ecac0-2dea-4238-b38d-8045bd1845c4" />
      <TestMethod codeBase="C:\Engagements\Learnings\AgentX\vs-extension\AgentX.VisualStudio.Tests\bin\Release\net8.0-windows\AgentX.VisualStudio.Tests.dll" adapterTypeName="executor://xunit/VsTestRunner2/netcoreapp" className="AgentX.VisualStudio.Tests.AgentXCliJsonTests" name="FormatReadyIssues_EmptyArray_ReturnsEmptyMarker" />
    </UnitTest>
    <UnitTest name="AgentX.VisualStudio.Tests.AgentXCliJsonTests.FormatReadyIssues_NullOrWhitespace_ReturnsEmptyMarker(input: &quot;&quot;)" storage="c:\engagements\learnings\agentx\vs-extension\agentx.visualstudio.tests\bin\release\net8.0-windows\agentx.visualstudio.tests.dll" id="d47ea9ac-cfd8-16a8-6ff8-c450f04f6640">
      <Execution id="4420e235-16c6-4311-a64b-745f358dbb82" />
      <TestMethod codeBase="C:\Engagements\Learnings\AgentX\vs-extension\AgentX.VisualStudio.Tests\bin\Release\net8.0-windows\AgentX.VisualStudio.Tests.dll" adapterTypeName="executor://xunit/VsTestRunner2/netcoreapp" className="AgentX.VisualStudio.Tests.AgentXCliJsonTests" name="FormatReadyIssues_NullOrWhitespace_ReturnsEmptyMarker" />
    </UnitTest>
    <UnitTest name="AgentX.VisualStudio.Tests.AgentXCliJsonTests.FormatReadyIssues_NullOrWhitespace_ReturnsEmptyMarker(input: null)" storage="c:\engagements\learnings\agentx\vs-extension\agentx.visualstudio.tests\bin\release\net8.0-windows\agentx.visualstudio.tests.dll" id="acb4c9e3-1b89-0fb7-bb2f-1ea4d23e6c1e">
      <Execution id="409f877f-8c93-441b-a8cf-86a6345a07b4" />
      <TestMethod codeBase="C:\Engagements\Learnings\AgentX\vs-extension\AgentX.VisualStudio.Tests\bin\Release\net8.0-windows\AgentX.VisualStudio.Tests.dll" adapterTypeName="executor://xunit/VsTestRunner2/netcoreapp" className="AgentX.VisualStudio.Tests.AgentXCliJsonTests" name="FormatReadyIssues_NullOrWhitespace_ReturnsEmptyMarker" />
    </UnitTest>
    <UnitTest name="AgentX.VisualStudio.Tests.AgentXCliJsonTests.FormatLoopStatus_NullOrWhitespace_ReturnsEmptyMarker(input: &quot;&quot;)" storage="c:\engagements\learnings\agentx\vs-extension\agentx.visualstudio.tests\bin\release\net8.0-windows\agentx.visualstudio.tests.dll" id="adedcf27-38f0-552e-e56d-660707046d3e">
      <Execution id="3eb526f3-fa83-4d8a-afd9-e8be61cdba79" />
      <TestMethod codeBase="C:\Engagements\Learnings\AgentX\vs-extension\AgentX.VisualStudio.Tests\bin\Release\net8.0-windows\AgentX.VisualStudio.Tests.dll" adapterTypeName="executor://xunit/VsTestRunner2/netcoreapp" className="AgentX.VisualStudio.Tests.AgentXCliJsonTests" name="FormatLoopStatus_NullOrWhitespace_ReturnsEmptyMarker" />
    </UnitTest>
    <UnitTest name="AgentX.VisualStudio.Tests.AgentXCliJsonTests.FormatReadyIssues_LongTitle_IsTruncated" storage="c:\engagements\learnings\agentx\vs-extension\agentx.visualstudio.tests\bin\release\net8.0-windows\agentx.visualstudio.tests.dll" id="62c66163-4925-43ca-b079-386c4fd5c9be">
      <Execution id="95f31415-8523-456e-8ccc-a80a85fba84a" />
      <TestMethod codeBase="C:\Engagements\Learnings\AgentX\vs-extension\AgentX.VisualStudio.Tests\bin\Release\net8.0-windows\AgentX.VisualStudio.Tests.dll" adapterTypeName="executor://xunit/VsTestRunner2/netcoreapp" className="AgentX.VisualStudio.Tests.AgentXCliJsonTests" name="FormatReadyIssues_LongTitle_IsTruncated" />
    </UnitTest>
    <UnitTest name="AgentX.VisualStudio.Tests.AgentXCliJsonTests.FormatAgentState_NullOrWhitespace_ReturnsEmptyMarker(input: null)" storage="c:\engagements\learnings\agentx\vs-extension\agentx.visualstudio.tests\bin\release\net8.0-windows\agentx.visualstudio.tests.dll" id="2bf81208-0801-6d36-95aa-313cbf837f1e">
      <Execution id="55e3adff-cc92-40a2-ace2-652049ee6953" />
      <TestMethod codeBase="C:\Engagements\Learnings\AgentX\vs-extension\AgentX.VisualStudio.Tests\bin\Release\net8.0-windows\AgentX.VisualStudio.Tests.dll" adapterTypeName="executor://xunit/VsTestRunner2/netcoreapp" className="AgentX.VisualStudio.Tests.AgentXCliJsonTests" name="FormatAgentState_NullOrWhitespace_ReturnsEmptyMarker" />
    </UnitTest>
    <UnitTest name="AgentX.VisualStudio.Tests.AgentXCliJsonTests.FormatAgentState_AgentWithoutIssue_OmitsIssueMarker" storage="c:\engagements\learnings\agentx\vs-extension\agentx.visualstudio.tests\bin\release\net8.0-windows\agentx.visualstudio.tests.dll" id="579ebb21-056f-f802-f940-646b3074d66a">
      <Execution id="6905c869-e4b2-402c-80ff-6db8b32be7cc" />
      <TestMethod codeBase="C:\Engagements\Learnings\AgentX\vs-extension\AgentX.VisualStudio.Tests\bin\Release\net8.0-windows\AgentX.VisualStudio.Tests.dll" adapterTypeName="executor://xunit/VsTestRunner2/netcoreapp" className="AgentX.VisualStudio.Tests.AgentXCliJsonTests" name="FormatAgentState_AgentWithoutIssue_OmitsIssueMarker" />
    </UnitTest>
    <UnitTest name="AgentX.VisualStudio.Tests.AgentXCliJsonTests.TryParseAgentState_NullOrWhitespace_ReturnsFalseWithEmptyList(input: null)" storage="c:\engagements\learnings\agentx\vs-extension\agentx.visualstudio.tests\bin\release\net8.0-windows\agentx.visualstudio.tests.dll" id="54a6191f-0245-e01c-6ed1-3fe7ca43d218">
      <Execution id="e56cbe89-63fc-4324-a235-08c940eff5e0" />
      <TestMethod codeBase="C:\Engagements\Learnings\AgentX\vs-extension\AgentX.VisualStudio.Tests\bin\Release\net8.0-windows\AgentX.VisualStudio.Tests.dll" adapterTypeName="executor://xunit/VsTestRunner2/netcoreapp" className="AgentX.VisualStudio.Tests.AgentXCliJsonTests" name="TryParseAgentState_NullOrWhitespace_ReturnsFalseWithEmptyList" />
    </UnitTest>
    <UnitTest name="AgentX.VisualStudio.Tests.AgentXCliJsonTests.TryParseReadyIssues_HappyPath_ReturnsAllIssuesInOrder" storage="c:\engagements\learnings\agentx\vs-extension\agentx.visualstudio.tests\bin\release\net8.0-windows\agentx.visualstudio.tests.dll" id="19709870-9421-4243-3fdc-c28866245932">
      <Execution id="9b906492-b6d2-4c59-9708-f7b29ec08e10" />
      <TestMethod codeBase="C:\Engagements\Learnings\AgentX\vs-extension\AgentX.VisualStudio.Tests\bin\Release\net8.0-windows\AgentX.VisualStudio.Tests.dll" adapterTypeName="executor://xunit/VsTestRunner2/netcoreapp" className="AgentX.VisualStudio.Tests.AgentXCliJsonTests" name="TryParseReadyIssues_HappyPath_ReturnsAllIssuesInOrder" />
    </UnitTest>
    <UnitTest name="AgentX.VisualStudio.Tests.AgentXCliJsonTests.FormatAgentState_NullOrWhitespace_ReturnsEmptyMarker(input: &quot;&quot;)" storage="c:\engagements\learnings\agentx\vs-extension\agentx.visualstudio.tests\bin\release\net8.0-windows\agentx.visualstudio.tests.dll" id="e8c1384f-bafc-9368-1ec7-018c7577a1c7">
      <Execution id="a50cad30-0536-43dc-9328-5595064f8077" />
      <TestMethod codeBase="C:\Engagements\Learnings\AgentX\vs-extension\AgentX.VisualStudio.Tests\bin\Release\net8.0-windows\AgentX.VisualStudio.Tests.dll" adapterTypeName="executor://xunit/VsTestRunner2/netcoreapp" className="AgentX.VisualStudio.Tests.AgentXCliJsonTests" name="FormatAgentState_NullOrWhitespace_ReturnsEmptyMarker" />
    </UnitTest>
    <UnitTest name="AgentX.VisualStudio.Tests.AgentXCliJsonTests.FormatLoopStatus_ActiveLoop_RendersStateIterationAndHistory" storage="c:\engagements\learnings\agentx\vs-extension\agentx.visualstudio.tests\bin\release\net8.0-windows\agentx.visualstudio.tests.dll" id="7b68b69b-c174-13f9-5417-7f13d33e28d9">
      <Execution id="c4ec679a-c089-477c-a672-fc4242d52def" />
      <TestMethod codeBase="C:\Engagements\Learnings\AgentX\vs-extension\AgentX.VisualStudio.Tests\bin\Release\net8.0-windows\AgentX.VisualStudio.Tests.dll" adapterTypeName="executor://xunit/VsTestRunner2/netcoreapp" className="AgentX.VisualStudio.Tests.AgentXCliJsonTests" name="FormatLoopStatus_ActiveLoop_RendersStateIterationAndHistory" />
    </UnitTest>
    <UnitTest name="AgentX.VisualStudio.Tests.AgentXCliJsonTests.FormatAgentState_MultipleAgents_RendersOrderedRows" storage="c:\engagements\learnings\agentx\vs-extension\agentx.visualstudio.tests\bin\release\net8.0-windows\agentx.visualstudio.tests.dll" id="400126e9-44cc-5baf-5a2c-692fcdf04416">
      <Execution id="9bc448a5-860f-440a-b09c-f8db862f4f7a" />
      <TestMethod codeBase="C:\Engagements\Learnings\AgentX\vs-extension\AgentX.VisualStudio.Tests\bin\Release\net8.0-windows\AgentX.VisualStudio.Tests.dll" adapterTypeName="executor://xunit/VsTestRunner2/netcoreapp" className="AgentX.VisualStudio.Tests.AgentXCliJsonTests" name="FormatAgentState_MultipleAgents_RendersOrderedRows" />
    </UnitTest>
    <UnitTest name="AgentX.VisualStudio.Tests.AgentXCliJsonTests.TryParseLoopStatus_NullOrWhitespace_ReturnsFalseWithNull(input: &quot;   &quot;)" storage="c:\engagements\learnings\agentx\vs-extension\agentx.visualstudio.tests\bin\release\net8.0-windows\agentx.visualstudio.tests.dll" id="570a2675-8765-6e34-59ca-23c05852248c">
      <Execution id="52c6e222-3686-4914-84b4-915a4a9c2117" />
      <TestMethod codeBase="C:\Engagements\Learnings\AgentX\vs-extension\AgentX.VisualStudio.Tests\bin\Release\net8.0-windows\AgentX.VisualStudio.Tests.dll" adapterTypeName="executor://xunit/VsTestRunner2/netcoreapp" className="AgentX.VisualStudio.Tests.AgentXCliJsonTests" name="TryParseLoopStatus_NullOrWhitespace_ReturnsFalseWithNull" />
    </UnitTest>
    <UnitTest name="AgentX.VisualStudio.Tests.AgentXCliJsonTests.TryParseAgentState_HappyPath_OrdersAgentsAlphabetically" storage="c:\engagements\learnings\agentx\vs-extension\agentx.visualstudio.tests\bin\release\net8.0-windows\agentx.visualstudio.tests.dll" id="583938f4-f8bb-1b6a-240e-80facc20719b">
      <Execution id="60292fa9-acfc-412f-b5c6-69684317d914" />
      <TestMethod codeBase="C:\Engagements\Learnings\AgentX\vs-extension\AgentX.VisualStudio.Tests\bin\Release\net8.0-windows\AgentX.VisualStudio.Tests.dll" adapterTypeName="executor://xunit/VsTestRunner2/netcoreapp" className="AgentX.VisualStudio.Tests.AgentXCliJsonTests" name="TryParseAgentState_HappyPath_OrdersAgentsAlphabetically" />
    </UnitTest>
    <UnitTest name="AgentX.VisualStudio.Tests.AgentXCliJsonTests.TryParseReadyIssues_EmptyArray_ReturnsTrueWithEmptyList" storage="c:\engagements\learnings\agentx\vs-extension\agentx.visualstudio.tests\bin\release\net8.0-windows\agentx.visualstudio.tests.dll" id="d50fa677-b2d9-8945-529d-54d1abcce5b0">
      <Execution id="a9121248-1390-40f0-b6c3-9ac70a1fbc89" />
      <TestMethod codeBase="C:\Engagements\Learnings\AgentX\vs-extension\AgentX.VisualStudio.Tests\bin\Release\net8.0-windows\AgentX.VisualStudio.Tests.dll" adapterTypeName="executor://xunit/VsTestRunner2/netcoreapp" className="AgentX.VisualStudio.Tests.AgentXCliJsonTests" name="TryParseReadyIssues_EmptyArray_ReturnsTrueWithEmptyList" />
    </UnitTest>
    <UnitTest name="AgentX.VisualStudio.Tests.AgentXCliJsonTests.TryParseLoopStatus_NullOrWhitespace_ReturnsFalseWithNull(input: &quot;&quot;)" storage="c:\engagements\learnings\agentx\vs-extension\agentx.visualstudio.tests\bin\release\net8.0-windows\agentx.visualstudio.tests.dll" id="c4e2834f-9de4-77a9-e2e3-8bda01febb7a">
      <Execution id="9b326d50-40da-48f6-81ec-f87768f018f8" />
      <TestMethod codeBase="C:\Engagements\Learnings\AgentX\vs-extension\AgentX.VisualStudio.Tests\bin\Release\net8.0-windows\AgentX.VisualStudio.Tests.dll" adapterTypeName="executor://xunit/VsTestRunner2/netcoreapp" className="AgentX.VisualStudio.Tests.AgentXCliJsonTests" name="TryParseLoopStatus_NullOrWhitespace_ReturnsFalseWithNull" />
    </UnitTest>
    <UnitTest name="AgentX.VisualStudio.Tests.AgentXCliJsonTests.FormatReadyIssues_WithIssues_RendersCountAndPerIssueLines" storage="c:\engagements\learnings\agentx\vs-extension\agentx.visualstudio.tests\bin\release\net8.0-windows\agentx.visualstudio.tests.dll" id="46d2262f-52f3-a3e9-ec39-8be43eec1751">
      <Execution id="c4d6e906-fde9-4e62-a262-c7792101aff7" />
      <TestMethod codeBase="C:\Engagements\Learnings\AgentX\vs-extension\AgentX.VisualStudio.Tests\bin\Release\net8.0-windows\AgentX.VisualStudio.Tests.dll" adapterTypeName="executor://xunit/VsTestRunner2/netcoreapp" className="AgentX.VisualStudio.Tests.AgentXCliJsonTests" name="FormatReadyIssues_WithIssues_RendersCountAndPerIssueLines" />
    </UnitTest>
    <UnitTest name="AgentX.VisualStudio.Tests.AgentXCliJsonTests.FormatReadyIssues_NullOrWhitespace_ReturnsEmptyMarker(input: &quot;   &quot;)" storage="c:\engagements\learnings\agentx\vs-extension\agentx.visualstudio.tests\bin\release\net8.0-windows\agentx.visualstudio.tests.dll" id="7e5fb009-6535-d61f-20d8-4e51a83ba7e9">
      <Execution id="b76b0c8e-23bb-4e93-8c2d-0a22cb5afc43" />
      <TestMethod codeBase="C:\Engagements\Learnings\AgentX\vs-extension\AgentX.VisualStudio.Tests\bin\Release\net8.0-windows\AgentX.VisualStudio.Tests.dll" adapterTypeName="executor://xunit/VsTestRunner2/netcoreapp" className="AgentX.VisualStudio.Tests.AgentXCliJsonTests" name="FormatReadyIssues_NullOrWhitespace_ReturnsEmptyMarker" />
    </UnitTest>
    <UnitTest name="AgentX.VisualStudio.Tests.AgentXCliJsonTests.TryParseLoopStatus_NullOrWhitespace_ReturnsFalseWithNull(input: null)" storage="c:\engagements\learnings\agentx\vs-extension\agentx.visualstudio.tests\bin\release\net8.0-windows\agentx.visualstudio.tests.dll" id="da6403a6-d89c-0cc5-1088-26028fc38354">
      <Execution id="81f4536f-183a-4545-b0c4-549421cebeee" />
      <TestMethod codeBase="C:\Engagements\Learnings\AgentX\vs-extension\AgentX.VisualStudio.Tests\bin\Release\net8.0-windows\AgentX.VisualStudio.Tests.dll" adapterTypeName="executor://xunit/VsTestRunner2/netcoreapp" className="AgentX.VisualStudio.Tests.AgentXCliJsonTests" name="TryParseLoopStatus_NullOrWhitespace_ReturnsFalseWithNull" />
    </UnitTest>
    <UnitTest name="AgentX.VisualStudio.Tests.AgentXCliJsonTests.TryParseAgentState_MalformedJson_ReturnsFalseWithEmptyList" storage="c:\engagements\learnings\agentx\vs-extension\agentx.visualstudio.tests\bin\release\net8.0-windows\agentx.visualstudio.tests.dll" id="89d465fa-9900-8eda-7ac6-7f8a60afec6c">
      <Execution id="179884ee-f871-47d2-937e-9e45adbc95e2" />
      <TestMethod codeBase="C:\Engagements\Learnings\AgentX\vs-extension\AgentX.VisualStudio.Tests\bin\Release\net8.0-windows\AgentX.VisualStudio.Tests.dll" adapterTypeName="executor://xunit/VsTestRunner2/netcoreapp" className="AgentX.VisualStudio.Tests.AgentXCliJsonTests" name="TryParseAgentState_MalformedJson_ReturnsFalseWithEmptyList" />
    </UnitTest>
    <UnitTest name="AgentX.VisualStudio.Tests.AgentXCliJsonTests.FormatLoopStatus_InactiveLiteral_RendersInactiveState" storage="c:\engagements\learnings\agentx\vs-extension\agentx.visualstudio.tests\bin\release\net8.0-windows\agentx.visualstudio.tests.dll" id="b9d7ee24-92c9-adfb-bd4e-79fefad89ff8">
      <Execution id="0b877933-8266-401c-9c46-a264139b1458" />
      <TestMethod codeBase="C:\Engagements\Learnings\AgentX\vs-extension\AgentX.VisualStudio.Tests\bin\Release\net8.0-windows\AgentX.VisualStudio.Tests.dll" adapterTypeName="executor://xunit/VsTestRunner2/netcoreapp" className="AgentX.VisualStudio.Tests.AgentXCliJsonTests" name="FormatLoopStatus_InactiveLiteral_RendersInactiveState" />
    </UnitTest>
    <UnitTest name="AgentX.VisualStudio.Tests.AgentXCliJsonTests.FormatLoopStatus_MalformedJson_FallsBackToTrimmedRaw" storage="c:\engagements\learnings\agentx\vs-extension\agentx.visualstudio.tests\bin\release\net8.0-windows\agentx.visualstudio.tests.dll" id="e0846b8b-80b7-4faa-1248-5267ee81a2e5">
      <Execution id="776dee3a-2bd7-4d20-bd70-9d3d1502e070" />
      <TestMethod codeBase="C:\Engagements\Learnings\AgentX\vs-extension\AgentX.VisualStudio.Tests\bin\Release\net8.0-windows\AgentX.VisualStudio.Tests.dll" adapterTypeName="executor://xunit/VsTestRunner2/netcoreapp" className="AgentX.VisualStudio.Tests.AgentXCliJsonTests" name="FormatLoopStatus_MalformedJson_FallsBackToTrimmedRaw" />
    </UnitTest>
    <UnitTest name="AgentX.VisualStudio.Tests.AgentXCliJsonTests.FormatReadyIssues_MalformedJson_FallsBackToTrimmedRaw" storage="c:\engagements\learnings\agentx\vs-extension\agentx.visualstudio.tests\bin\release\net8.0-windows\agentx.visualstudio.tests.dll" id="1780d05a-bf24-4a7c-077b-fe2425b4b19f">
      <Execution id="050ef652-fe34-4b99-a57a-c5b8c00d9d2a" />
      <TestMethod codeBase="C:\Engagements\Learnings\AgentX\vs-extension\AgentX.VisualStudio.Tests\bin\Release\net8.0-windows\AgentX.VisualStudio.Tests.dll" adapterTypeName="executor://xunit/VsTestRunner2/netcoreapp" className="AgentX.VisualStudio.Tests.AgentXCliJsonTests" name="FormatReadyIssues_MalformedJson_FallsBackToTrimmedRaw" />
    </UnitTest>
    <UnitTest name="AgentX.VisualStudio.Tests.AgentXCliJsonTests.FormatLoopStatus_NullOrWhitespace_ReturnsEmptyMarker(input: null)" storage="c:\engagements\learnings\agentx\vs-extension\agentx.visualstudio.tests\bin\release\net8.0-windows\agentx.visualstudio.tests.dll" id="3f67b261-5027-58c9-3f6d-70a6343b6218">
      <Execution id="a54caabf-2c6e-4988-a39a-f4eca697eb3b" />
      <TestMethod codeBase="C:\Engagements\Learnings\AgentX\vs-extension\AgentX.VisualStudio.Tests\bin\Release\net8.0-windows\AgentX.VisualStudio.Tests.dll" adapterTypeName="executor://xunit/VsTestRunner2/netcoreapp" className="AgentX.VisualStudio.Tests.AgentXCliJsonTests" name="FormatLoopStatus_NullOrWhitespace_ReturnsEmptyMarker" />
    </UnitTest>
    <UnitTest name="AgentX.VisualStudio.Tests.AgentXCliJsonTests.TryParseLoopStatus_MalformedJson_ReturnsFalseWithNull" storage="c:\engagements\learnings\agentx\vs-extension\agentx.visualstudio.tests\bin\release\net8.0-windows\agentx.visualstudio.tests.dll" id="36ced95d-304e-c6a8-a26c-3c2c7b840434">
      <Execution id="d3f261df-0fb4-4d7b-a103-48fe1036c08e" />
      <TestMethod codeBase="C:\Engagements\Learnings\AgentX\vs-extension\AgentX.VisualStudio.Tests\bin\Release\net8.0-windows\AgentX.VisualStudio.Tests.dll" adapterTypeName="executor://xunit/VsTestRunner2/netcoreapp" className="AgentX.VisualStudio.Tests.AgentXCliJsonTests" name="TryParseLoopStatus_MalformedJson_ReturnsFalseWithNull" />
    </UnitTest>
    <UnitTest name="AgentX.VisualStudio.Tests.AgentXCliJsonTests.FormatLoopStatus_LongPrompt_IsTruncatedWithEllipsis" storage="c:\engagements\learnings\agentx\vs-extension\agentx.visualstudio.tests\bin\release\net8.0-windows\agentx.visualstudio.tests.dll" id="19ad9e39-b235-0e5d-e549-2f840d0f7e95">
      <Execution id="aa0c3f7f-7a29-4a9e-acb6-b7bb513b9c09" />
      <TestMethod codeBase="C:\Engagements\Learnings\AgentX\vs-extension\AgentX.VisualStudio.Tests\bin\Release\net8.0-windows\AgentX.VisualStudio.Tests.dll" adapterTypeName="executor://xunit/VsTestRunner2/netcoreapp" className="AgentX.VisualStudio.Tests.AgentXCliJsonTests" name="FormatLoopStatus_LongPrompt_IsTruncatedWithEllipsis" />
    </UnitTest>
  </TestDefinitions>
  <TestEntries>
    <TestEntry testId="b946ecac-0a69-b23a-a9a8-d7e68cd37807" executionId="d583b5f0-36e0-4fd8-957b-3bec8e4623fb" testListId="8c84fa94-04c1-424b-9868-57a2d4851a1d" />
    <TestEntry testId="1780d05a-bf24-4a7c-077b-fe2425b4b19f" executionId="050ef652-fe34-4b99-a57a-c5b8c00d9d2a" testListId="8c84fa94-04c1-424b-9868-57a2d4851a1d" />
    <TestEntry testId="d50fa677-b2d9-8945-529d-54d1abcce5b0" executionId="a9121248-1390-40f0-b6c3-9ac70a1fbc89" testListId="8c84fa94-04c1-424b-9868-57a2d4851a1d" />
    <TestEntry testId="b9d7ee24-92c9-adfb-bd4e-79fefad89ff8" executionId="0b877933-8266-401c-9c46-a264139b1458" testListId="8c84fa94-04c1-424b-9868-57a2d4851a1d" />
    <TestEntry testId="7e8120c8-4f53-8faa-bad0-944f11befc1d" executionId="b0e5fc71-c511-4138-b168-2ff663f306ca" testListId="8c84fa94-04c1-424b-9868-57a2d4851a1d" />
    <TestEntry testId="e8c1384f-bafc-9368-1ec7-018c7577a1c7" executionId="a50cad30-0536-43dc-9328-5595064f8077" testListId="8c84fa94-04c1-424b-9868-57a2d4851a1d" />
    <TestEntry testId="579ebb21-056f-f802-f940-646b3074d66a" executionId="6905c869-e4b2-402c-80ff-6db8b32be7cc" testListId="8c84fa94-04c1-424b-9868-57a2d4851a1d" />
    <TestEntry testId="2bf81208-0801-6d36-95aa-313cbf837f1e" executionId="55e3adff-cc92-40a2-ace2-652049ee6953" testListId="8c84fa94-04c1-424b-9868-57a2d4851a1d" />
    <TestEntry testId="7b68b69b-c174-13f9-5417-7f13d33e28d9" executionId="c4ec679a-c089-477c-a672-fc4242d52def" testListId="8c84fa94-04c1-424b-9868-57a2d4851a1d" />
    <TestEntry testId="c8a772f9-d1f3-8044-76ab-8067ba9394b8" executionId="8a71639e-1a34-4910-8800-930c438da242" testListId="8c84fa94-04c1-424b-9868-57a2d4851a1d" />
    <TestEntry testId="7e5fb009-6535-d61f-20d8-4e51a83ba7e9" executionId="b76b0c8e-23bb-4e93-8c2d-0a22cb5afc43" testListId="8c84fa94-04c1-424b-9868-57a2d4851a1d" />
    <TestEntry testId="c4e2834f-9de4-77a9-e2e3-8bda01febb7a" executionId="9b326d50-40da-48f6-81ec-f87768f018f8" testListId="8c84fa94-04c1-424b-9868-57a2d4851a1d" />
    <TestEntry testId="54a6191f-0245-e01c-6ed1-3fe7ca43d218" executionId="e56cbe89-63fc-4324-a235-08c940eff5e0" testListId="8c84fa94-04c1-424b-9868-57a2d4851a1d" />
    <TestEntry testId="de2ba7a2-4b60-de15-d7b5-8b4a8d5bd8e0" executionId="adab8563-0598-468f-bfe9-d9d47e9d1f51" testListId="8c84fa94-04c1-424b-9868-57a2d4851a1d" />
    <TestEntry testId="19ad9e39-b235-0e5d-e549-2f840d0f7e95" executionId="aa0c3f7f-7a29-4a9e-acb6-b7bb513b9c09" testListId="8c84fa94-04c1-424b-9868-57a2d4851a1d" />
    <TestEntry testId="19709870-9421-4243-3fdc-c28866245932" executionId="9b906492-b6d2-4c59-9708-f7b29ec08e10" testListId="8c84fa94-04c1-424b-9868-57a2d4851a1d" />
    <TestEntry testId="400126e9-44cc-5baf-5a2c-692fcdf04416" executionId="9bc448a5-860f-440a-b09c-f8db862f4f7a" testListId="8c84fa94-04c1-424b-9868-57a2d4851a1d" />
    <TestEntry testId="74832157-ab9e-f780-e243-a87231292aaa" executionId="d9720d2f-8646-4cb4-adfd-e0fb92b8b574" testListId="8c84fa94-04c1-424b-9868-57a2d4851a1d" />
    <TestEntry testId="570a2675-8765-6e34-59ca-23c05852248c" executionId="52c6e222-3686-4914-84b4-915a4a9c2117" testListId="8c84fa94-04c1-424b-9868-57a2d4851a1d" />
    <TestEntry testId="7cd4b296-5e8c-6c26-3168-25338d6f04b1" executionId="de7ecac0-2dea-4238-b38d-8045bd1845c4" testListId="8c84fa94-04c1-424b-9868-57a2d4851a1d" />
    <TestEntry testId="aebe5989-93ef-18a2-2456-fc33d9d79127" executionId="31bda55b-7c6d-46e1-81d8-125fae0e5de5" testListId="8c84fa94-04c1-424b-9868-57a2d4851a1d" />
    <TestEntry testId="3e26b6aa-f321-c899-c5e9-19393865d35d" executionId="031269ad-a034-4a0a-900f-d793dfb76ebf" testListId="8c84fa94-04c1-424b-9868-57a2d4851a1d" />
    <TestEntry testId="94e2b1ec-e777-0aea-53d1-938831b6d899" executionId="2171e546-eb39-4c91-91d1-4b3f91d7df68" testListId="8c84fa94-04c1-424b-9868-57a2d4851a1d" />
    <TestEntry testId="da6403a6-d89c-0cc5-1088-26028fc38354" executionId="81f4536f-183a-4545-b0c4-549421cebeee" testListId="8c84fa94-04c1-424b-9868-57a2d4851a1d" />
    <TestEntry testId="46d2262f-52f3-a3e9-ec39-8be43eec1751" executionId="c4d6e906-fde9-4e62-a262-c7792101aff7" testListId="8c84fa94-04c1-424b-9868-57a2d4851a1d" />
    <TestEntry testId="e0846b8b-80b7-4faa-1248-5267ee81a2e5" executionId="776dee3a-2bd7-4d20-bd70-9d3d1502e070" testListId="8c84fa94-04c1-424b-9868-57a2d4851a1d" />
    <TestEntry testId="169364bf-8797-dcb4-e321-350453f0d269" executionId="f26662ba-9220-46f9-bdb3-92a1ee353a5b" testListId="8c84fa94-04c1-424b-9868-57a2d4851a1d" />
    <TestEntry testId="242b1bf0-acc6-2709-7d36-243447e27745" executionId="8adf4ccf-1ffb-4855-8a18-daece4b6f14f" testListId="8c84fa94-04c1-424b-9868-57a2d4851a1d" />
    <TestEntry testId="adedcf27-38f0-552e-e56d-660707046d3e" executionId="3eb526f3-fa83-4d8a-afd9-e8be61cdba79" testListId="8c84fa94-04c1-424b-9868-57a2d4851a1d" />
    <TestEntry testId="d47ea9ac-cfd8-16a8-6ff8-c450f04f6640" executionId="4420e235-16c6-4311-a64b-745f358dbb82" testListId="8c84fa94-04c1-424b-9868-57a2d4851a1d" />
    <TestEntry testId="5caa3b2c-6fd8-bf00-fa0c-b4a5e486e7d1" executionId="53b93bf3-b97d-4d52-9d61-d008f792b45b" testListId="8c84fa94-04c1-424b-9868-57a2d4851a1d" />
    <TestEntry testId="36ced95d-304e-c6a8-a26c-3c2c7b840434" executionId="d3f261df-0fb4-4d7b-a103-48fe1036c08e" testListId="8c84fa94-04c1-424b-9868-57a2d4851a1d" />
    <TestEntry testId="3f67b261-5027-58c9-3f6d-70a6343b6218" executionId="a54caabf-2c6e-4988-a39a-f4eca697eb3b" testListId="8c84fa94-04c1-424b-9868-57a2d4851a1d" />
    <TestEntry testId="583938f4-f8bb-1b6a-240e-80facc20719b" executionId="60292fa9-acfc-412f-b5c6-69684317d914" testListId="8c84fa94-04c1-424b-9868-57a2d4851a1d" />
    <TestEntry testId="89d465fa-9900-8eda-7ac6-7f8a60afec6c" executionId="179884ee-f871-47d2-937e-9e45adbc95e2" testListId="8c84fa94-04c1-424b-9868-57a2d4851a1d" />
    <TestEntry testId="acb4c9e3-1b89-0fb7-bb2f-1ea4d23e6c1e" executionId="409f877f-8c93-441b-a8cf-86a6345a07b4" testListId="8c84fa94-04c1-424b-9868-57a2d4851a1d" />
    <TestEntry testId="62c66163-4925-43ca-b079-386c4fd5c9be" executionId="95f31415-8523-456e-8ccc-a80a85fba84a" testListId="8c84fa94-04c1-424b-9868-57a2d4851a1d" />
  </TestEntries>
  <TestLists>
    <TestList name="Results Not in a List" id="8c84fa94-04c1-424b-9868-57a2d4851a1d" />
    <TestList name="All Loaded Results" id="19431567-8539-422a-85d7-44ee4e166bda" />
  </TestLists>
  <ResultSummary outcome="Completed">
    <Counters total="37" executed="37" passed="37" failed="0" error="0" timeout="0" aborted="0" inconclusive="0" passedButRunAborted="0" notRunnable="0" notExecuted="0" disconnected="0" warning="0" completed="0" inProgress="0" pending="0" />
    <Output>
      <StdOut>[xUnit.net 00:00:00.00] xUnit.net VSTest Adapter v2.8.2+699d445a1a (64-bit .NET 8.0.27)&#xD;
[xUnit.net 00:00:00.24]   Discovering: AgentX.VisualStudio.Tests&#xD;
[xUnit.net 00:00:00.40]   Discovered:  AgentX.VisualStudio.Tests&#xD;
[xUnit.net 00:00:00.41]   Starting:    AgentX.VisualStudio.Tests&#xD;
[xUnit.net 00:00:00.83]   Finished:    AgentX.VisualStudio.Tests&#xD;
</StdOut>
    </Output>
  </ResultSummary>
</TestRun>